// Jest Snapshot v1, https://goo.gl/fbAQLP

exports[`Add Channel Form should match the snapshot 1`] = `
<div
  class="MuiPaper-root MuiCard-root makeStyles-card-1 MuiPaper-elevation1 MuiPaper-rounded"
>
  <div
    class="MuiCardHeader-root makeStyles-title-2"
  >
    <div
      class="MuiCardHeader-content"
    >
      <span
        class="MuiTypography-root MuiCardHeader-title MuiTypography-h5 MuiTypography-displayBlock"
      >
        Add Channel
      </span>
    </div>
  </div>
  <div
    class="MuiCardContent-root makeStyles-formContent-3"
  >
    <div
      class="MuiFormGroup-root"
    >
      <div
        class="MuiFormControl-root MuiFormControl-marginDense"
      >
        <div
          class="MuiInputBase-root MuiInput-root MuiInput-underline Mui-focused Mui-focused MuiInputBase-formControl MuiInput-formControl MuiInputBase-marginDense MuiInput-marginDense"
          data-test-id="stream-platform"
        >
          <div
            aria-haspopup="listbox"
            class="MuiSelect-root MuiSelect-select MuiSelect-selectMenu MuiInputBase-input MuiInput-input MuiInputBase-inputMarginDense MuiInput-inputMarginDense"
            role="button"
            tabindex="0"
          >
            Twitch
          </div>
          <input
            aria-hidden="true"
            class="MuiSelect-nativeInput"
            tabindex="-1"
            value="Twitch"
          />
          <svg
            aria-hidden="true"
            class="MuiSvgIcon-root MuiSelect-icon"
            focusable="false"
            viewBox="0 0 24 24"
          >
            <path
              d="M7 10l5 5 5-5z"
            />
          </svg>
        </div>
      </div>
      <div
        class="MuiFormControl-root MuiFormControl-marginDense"
      >
        <div
          class="MuiFormControl-root MuiTextField-root"
        >
          <label
            class="MuiFormLabel-root MuiInputLabel-root MuiInputLabel-formControl MuiInputLabel-animated"
            data-shrink="false"
            for="channel-name"
            id="channel-name-label"
          >
            Channel name
          </label>
          <div
            class="MuiInputBase-root MuiInput-root MuiInput-underline MuiInputBase-formControl MuiInput-formControl"
          >
            <input
              aria-invalid="false"
              class="MuiInputBase-input MuiInput-input"
              id="channel-name"
              type="text"
              value=""
            />
          </div>
        </div>
      </div>
    </div>
  </div>
  <div
    class="MuiCardActions-root MuiCardActions-spacing"
  >
    <div
      class="makeStyles-root-4"
    >
      <button
        class="MuiButtonBase-root MuiButton-root MuiButton-text"
        tabindex="0"
        type="button"
      >
        <span
          class="MuiButton-label"
        >
          Save
        </span>
        <span
          class="MuiTouchRipple-root"
        />
      </button>
    </div>
    <button
      class="MuiButtonBase-root MuiButton-root MuiButton-text"
      tabindex="0"
      type="button"
    >
      <span
        class="MuiButton-label"
      >
        Cancel
      </span>
      <span
        class="MuiTouchRipple-root"
      />
    </button>
  </div>
</div>
`;
